127.0.0.1:6379> SET name Nikita
OK
127.0.0.1:6379> GET name
"Nikita"
127.0.0.1:6379> SET age 18
OK
127.0.0.1:6379> GET age
"18"
127.0.0.1:6379> KEYS *
1) "name"
2) "age"
127.0.0.1:6379> DEL age
(integer) 1
127.0.0.1:6379> KEYS *
1) "name"
127.0.0.1:6379> FLUSHALL
OK
127.0.0.1:6379> KEYS *
(empty list or set)
127.0.0.1:6379> SET name Nikku
OK
127.0.0.1:6379> SET age 18
OK
127.0.0.1:6379> KEYS *
1) "name"
2) "age"
127.0.0.1:6379> EXISTS name
(integer) 1
127.0.0.1:6379> ttl name
(integer) -1
127.0.0.1:6379>
127.0.0.1:6379> ttl name
(integer) -1
127.0.0.1:6379> expire name 10
(integer) 1
127.0.0.1:6379> KEYS *
1) "age"
127.0.0.1:6379> ttl name
(integer) -2
127.0.0.1:6379> KEYS *
1) "age"
127.0.0.1:6379> setex name 10 Nikita
OK
127.0.0.1:6379> ttl name
(integer) 5
127.0.0.1:6379> ttl name
(integer) 1
127.0.0.1:6379> ttl name
(integer) -2
127.0.0.1:6379> KEYS *
1) "age"
127.0.0.1:6379> lpush arr Hello
(integer) 1
127.0.0.1:6379> GET arr
(error) WRONGTYPE Operation against a key holding the wrong kind of value
127.0.0.1:6379> LRANGE arr 0 -1
1) "Hello"
127.0.0.1:6379> rpush arr Everyone:)
(integer) 2
127.0.0.1:6379> LRANGE arr 0 -1
1) "Hello"
2) "Everyone:)"
127.0.0.1:6379> lpush arr how'z_u
Invalid argument(s)
127.0.0.1:6379> lpush arr john
(integer) 3
127.0.0.1:6379> LRANGE arr 0 -1
1) "john"
2) "Hello"
3) "Everyone:)"
127.0.0.1:6379> KEY *
(error) ERR unknown command 'KEY'
127.0.0.1:6379> KEYS *
1) "arr"
2) "age"
127.0.0.1:6379> lpop  arr
"john"
127.0.0.1:6379> rpop arr
"Everyone:)"
127.0.0.1:6379> SADD hobbies "Dancing and singing"
(integer) 1
127.0.0.1:6379> SADD hobbies "Dancing"
(integer) 1
127.0.0.1:6379> SADD hobbies "Dancing"
(integer) 0
127.0.0.1:6379> SMEMBERS hobbies
1) "Dancing and singing"
2) "Dancing"
127.0.0.1:6379> HSET person name Nikita
(integer) 1
127.0.0.1:6379> HGET person name
"Nikita"
127.0.0.1:6379> HGETALL person
1) "name"
2) "Nikita"
127.0.0.1:6379> HSET person age 20
(integer) 1
127.0.0.1:6379> HGETALL person
1) "name"
2) "Nikita"
3) "age"
4) "20"
127.0.0.1:6379> HDEL person age
(integer) 1
127.0.0.1:6379> HGETALL person
1) "name"
2) "Nikita"
127.0.0.1:6379> HEXISTS person name
(integer) 1
127.0.0.1:6379> HEXISTS person age
(integer) 0
127.0.0.1:6379> FLUSHALL
OK
127.0.0.1:6379>